// Jest Snapshot v1, https://goo.gl/fbAQLP

exports[`<DataTable /> should render and match the snapshot 1`] = `
<div
  class="container"
>
  <div
    class="SearchWrapper-q18sbo-0 fjVACF"
  >
    <div
      class="Wrapper-sc-1yw1li4-0 efyKhh"
    >
      <button
        class="StyledButton-sc-1lrmbv8-0 lkmlui"
      >
        Filter
      </button>
    </div>
    <input
      class="search Wrapper__InputWrapper-sc-15n0e2a-0 joPiQc"
      placeholder="Search here"
      type="text"
      value=""
    />
  </div>
  <p
    class="showing-text"
  >
    Showing 
    <strong>
      0
    </strong>
  </p>
  <div
    class="TableWrapper-sc-1eiqmgm-0 kWvpHK"
  >
    <div
      class="Wrapper-sc-12b7pcm-0 evwzjo"
    >
      <div />
    </div>
    <div
      class="Wrapper-sc-1766fc-0 joDhtK"
    >
      <div>
        <div
          style="overflow: visible; width: 0px;"
        >
          <div>
            <div
              aria-label="grid"
              aria-readonly="true"
              class="ReactVirtualized__Grid ReactVirtualized__List"
              role="grid"
              style="box-sizing: border-box; direction: ltr; height: auto; position: relative; width: 0px; will-change: transform; overflow-x: hidden; overflow-y: hidden;"
              tabindex="0"
            />
          </div>
        </div>
        <div
          class="resize-triggers"
        >
          <div
            class="expand-trigger"
          >
            <div
              style="width: 1px; height: 1px;"
            />
          </div>
          <div
            class="contract-trigger"
          />
        </div>
      </div>
    </div>
  </div>
</div>
`;
